// Vitest Snapshot v1

exports[`Snapshot test passes 1`] = `
{
  "asFragment": [Function],
  "baseElement": <body>
    <div>
      <div
        class="content-full-width px-2 md:px-4 lg:px-8 mt-4 md:mt-6"
      >
        <div
          class="bg-gray-2 border border-gray-7 rounded-xl w-full"
        >
          <div
            class="flex flex-row justify-between px-3 md:px-6 py-2 gap-1.5"
          >
            <div
              class="flex flex-col items-start justify-start md:gap-1"
            >
              <div
                class="flex-col flex md:flex-row items-center justify-between"
              >
                <span
                  class="semibold text-lg md:text-xl leading-8"
                >
                  Instructions
                </span>
              </div>
              <p
                class="font-semibold"
              >
                 
                <span
                  class="text-[0.875rem] font-normal"
                >
                  Send yourself a transaction with the keyword(s) in the memo field
                  <ul
                    class="list-disc list-inside"
                  >
                    <li>
                      To vote in favor of the proposal, enter in the memo field 
                       
                      <span
                        class="font-semibold"
                      >
                        '
                        '
                      </span>
                    </li>
                    <li>
                      To vote against the proposal enter in the memo field 
                       
                      <span
                        class="font-semibold"
                      >
                         'no 
                        '
                      </span>
                    </li>
                  </ul>
                </span>
              </p>
              <p
                class="font-semibold"
              >
                <span
                  class="text-[0.875rem] font-normal"
                >
                  Refresh the dashboard - your vote should appear in the dashboard within 10-15 minutes
                </span>
              </p>
              <p
                class="font-semibold"
              >
                <span
                  class="text-[0.875rem] font-normal"
                >
                  See Frequently Asked Questions (
                  <a
                    class="text-OrangeMINA hover:opacity-80 transition-all duration-200"
                    href="https://faucet.minaprotocol.com/"
                  >
                    <u>
                      FAQs
                    </u>
                  </a>
                  ) for more information, including how to send yourself a transaction
                </span>
              </p>
              <p
                class="font-semibold"
              >
                <span
                  class="text-[0.875rem] font-normal"
                >
                  If you find an issue, a bug or simply have a question, please feel free to write us some 
                  <a
                    class="text-OrangeMINA hover:opacity-80 transition-all duration-200"
                    href="/"
                  >
                    <u>
                      feedback
                    </u>
                  </a>
                  . We would love to hear your thoughts!
                </span>
              </p>
            </div>
          </div>
        </div>
      </div>
    </div>
  </body>,
  "container": <div>
    <div
      class="content-full-width px-2 md:px-4 lg:px-8 mt-4 md:mt-6"
    >
      <div
        class="bg-gray-2 border border-gray-7 rounded-xl w-full"
      >
        <div
          class="flex flex-row justify-between px-3 md:px-6 py-2 gap-1.5"
        >
          <div
            class="flex flex-col items-start justify-start md:gap-1"
          >
            <div
              class="flex-col flex md:flex-row items-center justify-between"
            >
              <span
                class="semibold text-lg md:text-xl leading-8"
              >
                Instructions
              </span>
            </div>
            <p
              class="font-semibold"
            >
               
              <span
                class="text-[0.875rem] font-normal"
              >
                Send yourself a transaction with the keyword(s) in the memo field
                <ul
                  class="list-disc list-inside"
                >
                  <li>
                    To vote in favor of the proposal, enter in the memo field 
                     
                    <span
                      class="font-semibold"
                    >
                      '
                      '
                    </span>
                  </li>
                  <li>
                    To vote against the proposal enter in the memo field 
                     
                    <span
                      class="font-semibold"
                    >
                       'no 
                      '
                    </span>
                  </li>
                </ul>
              </span>
            </p>
            <p
              class="font-semibold"
            >
              <span
                class="text-[0.875rem] font-normal"
              >
                Refresh the dashboard - your vote should appear in the dashboard within 10-15 minutes
              </span>
            </p>
            <p
              class="font-semibold"
            >
              <span
                class="text-[0.875rem] font-normal"
              >
                See Frequently Asked Questions (
                <a
                  class="text-OrangeMINA hover:opacity-80 transition-all duration-200"
                  href="https://faucet.minaprotocol.com/"
                >
                  <u>
                    FAQs
                  </u>
                </a>
                ) for more information, including how to send yourself a transaction
              </span>
            </p>
            <p
              class="font-semibold"
            >
              <span
                class="text-[0.875rem] font-normal"
              >
                If you find an issue, a bug or simply have a question, please feel free to write us some 
                <a
                  class="text-OrangeMINA hover:opacity-80 transition-all duration-200"
                  href="/"
                >
                  <u>
                    feedback
                  </u>
                </a>
                . We would love to hear your thoughts!
              </span>
            </p>
          </div>
        </div>
      </div>
    </div>
  </div>,
  "debug": [Function],
  "findAllByAltText": [Function],
  "findAllByDisplayValue": [Function],
  "findAllByLabelText": [Function],
  "findAllByPlaceholderText": [Function],
  "findAllByRole": [Function],
  "findAllByTestId": [Function],
  "findAllByText": [Function],
  "findAllByTitle": [Function],
  "findByAltText": [Function],
  "findByDisplayValue": [Function],
  "findByLabelText": [Function],
  "findByPlaceholderText": [Function],
  "findByRole": [Function],
  "findByTestId": [Function],
  "findByText": [Function],
  "findByTitle": [Function],
  "getAllByAltText": [Function],
  "getAllByDisplayValue": [Function],
  "getAllByLabelText": [Function],
  "getAllByPlaceholderText": [Function],
  "getAllByRole": [Function],
  "getAllByTestId": [Function],
  "getAllByText": [Function],
  "getAllByTitle": [Function],
  "getByAltText": [Function],
  "getByDisplayValue": [Function],
  "getByLabelText": [Function],
  "getByPlaceholderText": [Function],
  "getByRole": [Function],
  "getByTestId": [Function],
  "getByText": [Function],
  "getByTitle": [Function],
  "queryAllByAltText": [Function],
  "queryAllByDisplayValue": [Function],
  "queryAllByLabelText": [Function],
  "queryAllByPlaceholderText": [Function],
  "queryAllByRole": [Function],
  "queryAllByTestId": [Function],
  "queryAllByText": [Function],
  "queryAllByTitle": [Function],
  "queryByAltText": [Function],
  "queryByDisplayValue": [Function],
  "queryByLabelText": [Function],
  "queryByPlaceholderText": [Function],
  "queryByRole": [Function],
  "queryByTestId": [Function],
  "queryByText": [Function],
  "queryByTitle": [Function],
  "rerender": [Function],
  "unmount": [Function],
}
`;
