// Vitest Snapshot v1

exports[`App > should render 1`] = `<App />`;
